../Core/Src/main.c:83:6:send_message	8	static
../Core/Src/main.c:167:6:SystemClock_Config	88	static,ignoring_inline_asm
../Core/Src/main.c:395:6:HAL_UART_RxCpltCallback	0	static
../Core/Src/main.c:430:6:Format_data	248	static
../Core/Src/main.c:463:6:check_PIR_and_control	8	static
../Core/Src/main.c:476:8:haversine	72	static
../Core/Src/main.c:398:6:get_location	104	static
../Core/Src/main.c:103:5:main	56	static,ignoring_inline_asm
../Core/Src/main.c:494:6:Error_Handler	0	static,ignoring_inline_asm
