../Core/Src/main.c:91:6:send_message	16	static
../Core/Src/main.c:111:5:main	8	static
../Core/Src/main.c:176:6:SystemClock_Config	88	static
../Core/Src/main.c:223:13:MX_TIM1_Init	32	static
../Core/Src/main.c:269:13:MX_USART1_UART_Init	8	static
../Core/Src/main.c:302:13:MX_USART2_UART_Init	8	static
../Core/Src/main.c:333:13:MX_DMA_Init	16	static
../Core/Src/main.c:351:13:MX_GPIO_Init	48	static
../Core/Src/main.c:404:6:HAL_UART_RxCpltCallback	16	static
../Core/Src/main.c:407:6:get_location	96	static
../Core/Src/main.c:455:6:Format_data	264	static
../Core/Src/main.c:488:6:check_PIR_and_control	16	static
../Core/Src/main.c:501:8:haversine	96	static
../Core/Src/main.c:519:6:Error_Handler	4	static,ignoring_inline_asm
